Archive member included to satisfy reference by file (symbol)

c:/program files (x86)/atmel/studio/7.0/toolchain/avr8/avr8-gnu-toolchain/bin/../lib/gcc/avr/5.4.0/avr5\libgcc.a(_exit.o)
                              C:/Program Files (x86)/Atmel/Studio/7.0/Packs/Atmel/ATmega_DFP/1.3.300/gcc/dev/atmega168pb/avr5/crtatmega168pb.o (exit)
c:/program files (x86)/atmel/studio/7.0/toolchain/avr8/avr8-gnu-toolchain/bin/../lib/gcc/avr/5.4.0/avr5\libgcc.a(_copy_data.o)
                              ip_arp_udp_tcp.o (__do_copy_data)
c:/program files (x86)/atmel/studio/7.0/toolchain/avr8/avr8-gnu-toolchain/bin/../lib/gcc/avr/5.4.0/avr5\libgcc.a(_clear_bss.o)
                              enc28j60.o (__do_clear_bss)

Allocating common symbols
Common symbol       size              file

sena                0xff              main.o

Discarded input sections

 .data          0x00000000        0x0 C:/Program Files (x86)/Atmel/Studio/7.0/Packs/Atmel/ATmega_DFP/1.3.300/gcc/dev/atmega168pb/avr5/crtatmega168pb.o
 .bss           0x00000000        0x0 C:/Program Files (x86)/Atmel/Studio/7.0/Packs/Atmel/ATmega_DFP/1.3.300/gcc/dev/atmega168pb/avr5/crtatmega168pb.o
 .text          0x00000000        0x0 enc28j60.o
 .data          0x00000000        0x0 enc28j60.o
 .bss           0x00000000        0x0 enc28j60.o
 .text.enc28j60PhyReadH
                0x00000000       0x32 enc28j60.o
 .text.enc28j60getrev
                0x00000000        0x8 enc28j60.o
 .text.enc28j60linkup
                0x00000000       0x12 enc28j60.o
 .text.enc28j60hasRxPkt
                0x00000000       0x12 enc28j60.o
 .text          0x00000000        0x0 ip_arp_udp_tcp.o
 .data          0x00000000        0x0 ip_arp_udp_tcp.o
 .bss           0x00000000        0x0 ip_arp_udp_tcp.o
 .text.check_ip_message_is_from
                0x00000000       0x2e ip_arp_udp_tcp.o
 .text.step_seq
                0x00000000       0x26 ip_arp_udp_tcp.o
 .text.make_tcphead
                0x00000000       0x2a ip_arp_udp_tcp.o
 .text.make_udp_reply_from_request
                0x00000000       0x9e ip_arp_udp_tcp.o
 .text.make_tcp_synack_from_syn
                0x00000000       0x72 ip_arp_udp_tcp.o
 .text.get_tcp_data_len
                0x00000000       0x30 ip_arp_udp_tcp.o
 .text.get_tcp_data_pointer
                0x00000000       0x18 ip_arp_udp_tcp.o
 .text.init_len_info
                0x00000000       0x3a ip_arp_udp_tcp.o
 .text.fill_tcp_data_p
                0x00000000       0x2c ip_arp_udp_tcp.o
 .text.fill_tcp_data_len
                0x00000000       0x2c ip_arp_udp_tcp.o
 .text.fill_tcp_data
                0x00000000       0x16 ip_arp_udp_tcp.o
 .text.make_tcp_ack_from_any
                0x00000000       0x7a ip_arp_udp_tcp.o
 .text.make_tcp_ack_with_data_noflags
                0x00000000       0x46 ip_arp_udp_tcp.o
 .text.make_tcp_ack_with_data
                0x00000000       0x4a ip_arp_udp_tcp.o
 .text.www_server_reply
                0x00000000       0x30 ip_arp_udp_tcp.o
 .text.client_arp_whohas
                0x00000000       0x98 ip_arp_udp_tcp.o
 .text.client_waiting_gw
                0x00000000       0x1a ip_arp_udp_tcp.o
 .text.client_store_gw_mac
                0x00000000       0x2e ip_arp_udp_tcp.o
 .text.client_gw_arp_refresh
                0x00000000       0x10 ip_arp_udp_tcp.o
 .text.client_set_gwip
                0x00000000       0x1c ip_arp_udp_tcp.o
 .text.register_ping_rec_callback
                0x00000000        0xa ip_arp_udp_tcp.o
 .text.packetloop_icmp_tcp
                0x00000000      0x1be ip_arp_udp_tcp.o
 .progmem.data.arpreqhdr
                0x00000000        0x8 ip_arp_udp_tcp.o
 .data.seqnum   0x00000000        0x1 ip_arp_udp_tcp.o
 .bss.info_hdr_len
                0x00000000        0x2 ip_arp_udp_tcp.o
 .bss.info_data_len
                0x00000000        0x2 ip_arp_udp_tcp.o
 .bss.waitgwmac
                0x00000000        0x1 ip_arp_udp_tcp.o
 .bss.gwip      0x00000000        0x4 ip_arp_udp_tcp.o
 .data.delaycnt
                0x00000000        0x2 ip_arp_udp_tcp.o
 .bss.icmp_callback
                0x00000000        0x2 ip_arp_udp_tcp.o
 .text          0x00000000        0x0 main.o
 .data          0x00000000        0x0 main.o
 .bss           0x00000000        0x0 main.o
 COMMON         0x00000000       0xff main.o
 .text          0x00000000        0x0 c:/program files (x86)/atmel/studio/7.0/toolchain/avr8/avr8-gnu-toolchain/bin/../lib/gcc/avr/5.4.0/avr5\libgcc.a(_exit.o)
 .data          0x00000000        0x0 c:/program files (x86)/atmel/studio/7.0/toolchain/avr8/avr8-gnu-toolchain/bin/../lib/gcc/avr/5.4.0/avr5\libgcc.a(_exit.o)
 .bss           0x00000000        0x0 c:/program files (x86)/atmel/studio/7.0/toolchain/avr8/avr8-gnu-toolchain/bin/../lib/gcc/avr/5.4.0/avr5\libgcc.a(_exit.o)
 .text.libgcc.mul
                0x00000000        0x0 c:/program files (x86)/atmel/studio/7.0/toolchain/avr8/avr8-gnu-toolchain/bin/../lib/gcc/avr/5.4.0/avr5\libgcc.a(_exit.o)
 .text.libgcc.div
                0x00000000        0x0 c:/program files (x86)/atmel/studio/7.0/toolchain/avr8/avr8-gnu-toolchain/bin/../lib/gcc/avr/5.4.0/avr5\libgcc.a(_exit.o)
 .text.libgcc   0x00000000        0x0 c:/program files (x86)/atmel/studio/7.0/toolchain/avr8/avr8-gnu-toolchain/bin/../lib/gcc/avr/5.4.0/avr5\libgcc.a(_exit.o)
 .text.libgcc.prologue
                0x00000000        0x0 c:/program files (x86)/atmel/studio/7.0/toolchain/avr8/avr8-gnu-toolchain/bin/../lib/gcc/avr/5.4.0/avr5\libgcc.a(_exit.o)
 .text.libgcc.builtins
                0x00000000        0x0 c:/program files (x86)/atmel/studio/7.0/toolchain/avr8/avr8-gnu-toolchain/bin/../lib/gcc/avr/5.4.0/avr5\libgcc.a(_exit.o)
 .text.libgcc.fmul
                0x00000000        0x0 c:/program files (x86)/atmel/studio/7.0/toolchain/avr8/avr8-gnu-toolchain/bin/../lib/gcc/avr/5.4.0/avr5\libgcc.a(_exit.o)
 .text.libgcc.fixed
                0x00000000        0x0 c:/program files (x86)/atmel/studio/7.0/toolchain/avr8/avr8-gnu-toolchain/bin/../lib/gcc/avr/5.4.0/avr5\libgcc.a(_exit.o)
 .text          0x00000000        0x0 c:/program files (x86)/atmel/studio/7.0/toolchain/avr8/avr8-gnu-toolchain/bin/../lib/gcc/avr/5.4.0/avr5\libgcc.a(_copy_data.o)
 .data          0x00000000        0x0 c:/program files (x86)/atmel/studio/7.0/toolchain/avr8/avr8-gnu-toolchain/bin/../lib/gcc/avr/5.4.0/avr5\libgcc.a(_copy_data.o)
 .bss           0x00000000        0x0 c:/program files (x86)/atmel/studio/7.0/toolchain/avr8/avr8-gnu-toolchain/bin/../lib/gcc/avr/5.4.0/avr5\libgcc.a(_copy_data.o)
 .text.libgcc.mul
                0x00000000        0x0 c:/program files (x86)/atmel/studio/7.0/toolchain/avr8/avr8-gnu-toolchain/bin/../lib/gcc/avr/5.4.0/avr5\libgcc.a(_copy_data.o)
 .text.libgcc.div
                0x00000000        0x0 c:/program files (x86)/atmel/studio/7.0/toolchain/avr8/avr8-gnu-toolchain/bin/../lib/gcc/avr/5.4.0/avr5\libgcc.a(_copy_data.o)
 .text.libgcc   0x00000000        0x0 c:/program files (x86)/atmel/studio/7.0/toolchain/avr8/avr8-gnu-toolchain/bin/../lib/gcc/avr/5.4.0/avr5\libgcc.a(_copy_data.o)
 .text.libgcc.prologue
                0x00000000        0x0 c:/program files (x86)/atmel/studio/7.0/toolchain/avr8/avr8-gnu-toolchain/bin/../lib/gcc/avr/5.4.0/avr5\libgcc.a(_copy_data.o)
 .text.libgcc.builtins
                0x00000000        0x0 c:/program files (x86)/atmel/studio/7.0/toolchain/avr8/avr8-gnu-toolchain/bin/../lib/gcc/avr/5.4.0/avr5\libgcc.a(_copy_data.o)
 .text.libgcc.fmul
                0x00000000        0x0 c:/program files (x86)/atmel/studio/7.0/toolchain/avr8/avr8-gnu-toolchain/bin/../lib/gcc/avr/5.4.0/avr5\libgcc.a(_copy_data.o)
 .text.libgcc.fixed
                0x00000000        0x0 c:/program files (x86)/atmel/studio/7.0/toolchain/avr8/avr8-gnu-toolchain/bin/../lib/gcc/avr/5.4.0/avr5\libgcc.a(_copy_data.o)
 .text          0x00000000        0x0 c:/program files (x86)/atmel/studio/7.0/toolchain/avr8/avr8-gnu-toolchain/bin/../lib/gcc/avr/5.4.0/avr5\libgcc.a(_clear_bss.o)
 .data          0x00000000        0x0 c:/program files (x86)/atmel/studio/7.0/toolchain/avr8/avr8-gnu-toolchain/bin/../lib/gcc/avr/5.4.0/avr5\libgcc.a(_clear_bss.o)
 .bss           0x00000000        0x0 c:/program files (x86)/atmel/studio/7.0/toolchain/avr8/avr8-gnu-toolchain/bin/../lib/gcc/avr/5.4.0/avr5\libgcc.a(_clear_bss.o)
 .text.libgcc.mul
                0x00000000        0x0 c:/program files (x86)/atmel/studio/7.0/toolchain/avr8/avr8-gnu-toolchain/bin/../lib/gcc/avr/5.4.0/avr5\libgcc.a(_clear_bss.o)
 .text.libgcc.div
                0x00000000        0x0 c:/program files (x86)/atmel/studio/7.0/toolchain/avr8/avr8-gnu-toolchain/bin/../lib/gcc/avr/5.4.0/avr5\libgcc.a(_clear_bss.o)
 .text.libgcc   0x00000000        0x0 c:/program files (x86)/atmel/studio/7.0/toolchain/avr8/avr8-gnu-toolchain/bin/../lib/gcc/avr/5.4.0/avr5\libgcc.a(_clear_bss.o)
 .text.libgcc.prologue
                0x00000000        0x0 c:/program files (x86)/atmel/studio/7.0/toolchain/avr8/avr8-gnu-toolchain/bin/../lib/gcc/avr/5.4.0/avr5\libgcc.a(_clear_bss.o)
 .text.libgcc.builtins
                0x00000000        0x0 c:/program files (x86)/atmel/studio/7.0/toolchain/avr8/avr8-gnu-toolchain/bin/../lib/gcc/avr/5.4.0/avr5\libgcc.a(_clear_bss.o)
 .text.libgcc.fmul
                0x00000000        0x0 c:/program files (x86)/atmel/studio/7.0/toolchain/avr8/avr8-gnu-toolchain/bin/../lib/gcc/avr/5.4.0/avr5\libgcc.a(_clear_bss.o)
 .text.libgcc.fixed
                0x00000000        0x0 c:/program files (x86)/atmel/studio/7.0/toolchain/avr8/avr8-gnu-toolchain/bin/../lib/gcc/avr/5.4.0/avr5\libgcc.a(_clear_bss.o)

Memory Configuration

Name             Origin             Length             Attributes
text             0x00000000         0x00020000         xr
data             0x00800060         0x0000ffa0         rw !x
eeprom           0x00810000         0x00010000         rw !x
fuse             0x00820000         0x00000003         rw !x
lock             0x00830000         0x00000400         rw !x
signature        0x00840000         0x00000400         rw !x
user_signatures  0x00850000         0x00000400         rw !x
*default*        0x00000000         0xffffffff

Linker script and memory map

Address of section .data set to 0x800100
LOAD C:/Program Files (x86)/Atmel/Studio/7.0/Packs/Atmel/ATmega_DFP/1.3.300/gcc/dev/atmega168pb/avr5/crtatmega168pb.o
LOAD enc28j60.o
LOAD ip_arp_udp_tcp.o
LOAD main.o
START GROUP
LOAD c:/program files (x86)/atmel/studio/7.0/toolchain/avr8/avr8-gnu-toolchain/bin/../lib/gcc/avr/5.4.0/../../../../avr/lib/avr5\libm.a
END GROUP
START GROUP
LOAD c:/program files (x86)/atmel/studio/7.0/toolchain/avr8/avr8-gnu-toolchain/bin/../lib/gcc/avr/5.4.0/avr5\libgcc.a
LOAD c:/program files (x86)/atmel/studio/7.0/toolchain/avr8/avr8-gnu-toolchain/bin/../lib/gcc/avr/5.4.0/../../../../avr/lib/avr5\libm.a
LOAD c:/program files (x86)/atmel/studio/7.0/toolchain/avr8/avr8-gnu-toolchain/bin/../lib/gcc/avr/5.4.0/../../../../avr/lib/avr5\libc.a
LOAD C:/Program Files (x86)/Atmel/Studio/7.0/Packs/Atmel/ATmega_DFP/1.3.300/gcc/dev/atmega168pb/avr5\libatmega168pb.a
END GROUP
                0x00020000                __TEXT_REGION_LENGTH__ = DEFINED (__TEXT_REGION_LENGTH__)?__TEXT_REGION_LENGTH__:0x20000
                0x0000ffa0                __DATA_REGION_LENGTH__ = DEFINED (__DATA_REGION_LENGTH__)?__DATA_REGION_LENGTH__:0xffa0
                0x00010000                __EEPROM_REGION_LENGTH__ = DEFINED (__EEPROM_REGION_LENGTH__)?__EEPROM_REGION_LENGTH__:0x10000
                [0x00000003]                __FUSE_REGION_LENGTH__ = DEFINED (__FUSE_REGION_LENGTH__)?__FUSE_REGION_LENGTH__:0x400
                0x00000400                __LOCK_REGION_LENGTH__ = DEFINED (__LOCK_REGION_LENGTH__)?__LOCK_REGION_LENGTH__:0x400
                0x00000400                __SIGNATURE_REGION_LENGTH__ = DEFINED (__SIGNATURE_REGION_LENGTH__)?__SIGNATURE_REGION_LENGTH__:0x400
                0x00000400                __USER_SIGNATURE_REGION_LENGTH__ = DEFINED (__USER_SIGNATURE_REGION_LENGTH__)?__USER_SIGNATURE_REGION_LENGTH__:0x400

.hash
 *(.hash)

.dynsym
 *(.dynsym)

.dynstr
 *(.dynstr)

.gnu.version
 *(.gnu.version)

.gnu.version_d
 *(.gnu.version_d)

.gnu.version_r
 *(.gnu.version_r)

.rel.init
 *(.rel.init)

.rela.init
 *(.rela.init)

.rel.text
 *(.rel.text)
 *(.rel.text.*)
 *(.rel.gnu.linkonce.t*)

.rela.text
 *(.rela.text)
 *(.rela.text.*)
 *(.rela.gnu.linkonce.t*)

.rel.fini
 *(.rel.fini)

.rela.fini
 *(.rela.fini)

.rel.rodata
 *(.rel.rodata)
 *(.rel.rodata.*)
 *(.rel.gnu.linkonce.r*)

.rela.rodata
 *(.rela.rodata)
 *(.rela.rodata.*)
 *(.rela.gnu.linkonce.r*)

.rel.data
 *(.rel.data)
 *(.rel.data.*)
 *(.rel.gnu.linkonce.d*)

.rela.data
 *(.rela.data)
 *(.rela.data.*)
 *(.rela.gnu.linkonce.d*)

.rel.ctors
 *(.rel.ctors)

.rela.ctors
 *(.rela.ctors)

.rel.dtors
 *(.rel.dtors)

.rela.dtors
 *(.rela.dtors)

.rel.got
 *(.rel.got)

.rela.got
 *(.rela.got)

.rel.bss
 *(.rel.bss)

.rela.bss
 *(.rela.bss)

.rel.plt
 *(.rel.plt)

.rela.plt
 *(.rela.plt)

.text           0x00000000      0xa1c
 *(.vectors)
 .vectors       0x00000000       0x6c C:/Program Files (x86)/Atmel/Studio/7.0/Packs/Atmel/ATmega_DFP/1.3.300/gcc/dev/atmega168pb/avr5/crtatmega168pb.o
                0x00000000                __vector_default
                0x00000000                __vectors
 *(.vectors)
 *(.progmem.gcc*)
                0x0000006c                . = ALIGN (0x2)
                0x0000006c                __trampolines_start = .
 *(.trampolines)
 .trampolines   0x0000006c        0x0 linker stubs
 *(.trampolines*)
                0x0000006c                __trampolines_end = .
 *libprintf_flt.a:*(.progmem.data)
 *libc.a:*(.progmem.data)
 *(.progmem*)
 .progmem.data.iphdr
                0x0000006c        0x9 ip_arp_udp_tcp.o
                0x0000006c                iphdr
                0x00000076                . = ALIGN (0x2)
 *fill*         0x00000075        0x1 
 *(.jumptables)
 *(.jumptables*)
 *(.lowtext)
 *(.lowtext*)
                0x00000076                __ctors_start = .
 *(.ctors)
                0x00000076                __ctors_end = .
                0x00000076                __dtors_start = .
 *(.dtors)
                0x00000076                __dtors_end = .
 SORT(*)(.ctors)
 SORT(*)(.dtors)
 *(.init0)
 .init0         0x00000076        0x0 C:/Program Files (x86)/Atmel/Studio/7.0/Packs/Atmel/ATmega_DFP/1.3.300/gcc/dev/atmega168pb/avr5/crtatmega168pb.o
                0x00000076                __init
 *(.init0)
 *(.init1)
 *(.init1)
 *(.init2)
 .init2         0x00000076        0xc C:/Program Files (x86)/Atmel/Studio/7.0/Packs/Atmel/ATmega_DFP/1.3.300/gcc/dev/atmega168pb/avr5/crtatmega168pb.o
 *(.init2)
 *(.init3)
 *(.init3)
 *(.init4)
 .init4         0x00000082       0x16 c:/program files (x86)/atmel/studio/7.0/toolchain/avr8/avr8-gnu-toolchain/bin/../lib/gcc/avr/5.4.0/avr5\libgcc.a(_copy_data.o)
                0x00000082                __do_copy_data
 .init4         0x00000098       0x10 c:/program files (x86)/atmel/studio/7.0/toolchain/avr8/avr8-gnu-toolchain/bin/../lib/gcc/avr/5.4.0/avr5\libgcc.a(_clear_bss.o)
                0x00000098                __do_clear_bss
 *(.init4)
 *(.init5)
 *(.init5)
 *(.init6)
 *(.init6)
 *(.init7)
 *(.init7)
 *(.init8)
 *(.init8)
 *(.init9)
 .init9         0x000000a8        0x8 C:/Program Files (x86)/Atmel/Studio/7.0/Packs/Atmel/ATmega_DFP/1.3.300/gcc/dev/atmega168pb/avr5/crtatmega168pb.o
 *(.init9)
 *(.text)
 .text          0x000000b0        0x4 C:/Program Files (x86)/Atmel/Studio/7.0/Packs/Atmel/ATmega_DFP/1.3.300/gcc/dev/atmega168pb/avr5/crtatmega168pb.o
                0x000000b0                __vector_22
                0x000000b0                __vector_1
                0x000000b0                __vector_24
                0x000000b0                __vector_12
                0x000000b0                __bad_interrupt
                0x000000b0                __vector_6
                0x000000b0                __vector_3
                0x000000b0                __vector_23
                0x000000b0                __vector_25
                0x000000b0                __vector_11
                0x000000b0                __vector_13
                0x000000b0                __vector_17
                0x000000b0                __vector_19
                0x000000b0                __vector_7
                0x000000b0                __vector_5
                0x000000b0                __vector_4
                0x000000b0                __vector_9
                0x000000b0                __vector_2
                0x000000b0                __vector_21
                0x000000b0                __vector_15
                0x000000b0                __vector_8
                0x000000b0                __vector_26
                0x000000b0                __vector_14
                0x000000b0                __vector_10
                0x000000b0                __vector_16
                0x000000b0                __vector_18
                0x000000b0                __vector_20
                0x000000b4                . = ALIGN (0x2)
 *(.text.*)
 .text.enc28j60ReadOp
                0x000000b4       0x2a enc28j60.o
                0x000000b4                enc28j60ReadOp
 .text.enc28j60WriteOp
                0x000000de       0x1a enc28j60.o
                0x000000de                enc28j60WriteOp
 .text.enc28j60ReadBuffer
                0x000000f8       0x34 enc28j60.o
                0x000000f8                enc28j60ReadBuffer
 .text.enc28j60WriteBuffer
                0x0000012c       0x32 enc28j60.o
                0x0000012c                enc28j60WriteBuffer
 .text.enc28j60SetBank
                0x0000015e       0x4e enc28j60.o
                0x0000015e                enc28j60SetBank
 .text.enc28j60Read
                0x000001ac       0x14 enc28j60.o
                0x000001ac                enc28j60Read
 .text.enc28j60Write
                0x000001c0       0x1c enc28j60.o
                0x000001c0                enc28j60Write
 .text.enc28j60PhyWrite
                0x000001dc       0x3a enc28j60.o
                0x000001dc                enc28j60PhyWrite
 .text.enc28j60clkout
                0x00000216        0xc enc28j60.o
                0x00000216                enc28j60clkout
 .text.enc28j60Init
                0x00000222      0x14e enc28j60.o
                0x00000222                enc28j60Init
 .text.enc28j60PacketSend
                0x00000370       0x86 enc28j60.o
                0x00000370                enc28j60PacketSend
 .text.enc28j60PacketReceive
                0x000003f6      0x118 enc28j60.o
                0x000003f6                enc28j60PacketReceive
 .text.checksum
                0x0000050e       0xec ip_arp_udp_tcp.o
                0x0000050e                checksum
 .text.init_ip_arp_udp_tcp
                0x000005fa       0x36 ip_arp_udp_tcp.o
                0x000005fa                init_ip_arp_udp_tcp
 .text.eth_type_is_arp_and_my_ip
                0x00000630       0x4c ip_arp_udp_tcp.o
                0x00000630                eth_type_is_arp_and_my_ip
 .text.eth_type_is_ip_and_my_ip
                0x0000067c       0x54 ip_arp_udp_tcp.o
                0x0000067c                eth_type_is_ip_and_my_ip
 .text.make_eth
                0x000006d0       0x1c ip_arp_udp_tcp.o
                0x000006d0                make_eth
 .text.fill_ip_hdr_checksum
                0x000006ec       0x2a ip_arp_udp_tcp.o
                0x000006ec                fill_ip_hdr_checksum
 .text.make_ip  0x00000716       0x24 ip_arp_udp_tcp.o
                0x00000716                make_ip
 .text.make_arp_answer_from_request
                0x0000073a       0x54 ip_arp_udp_tcp.o
                0x0000073a                make_arp_answer_from_request
 .text.make_echo_reply_from_request
                0x0000078e       0x3a ip_arp_udp_tcp.o
                0x0000078e                make_echo_reply_from_request
 .text.fill_buf_p
                0x000007c8       0x1c ip_arp_udp_tcp.o
                0x000007c8                fill_buf_p
 .text.send_udp_prepare
                0x000007e4       0xaa ip_arp_udp_tcp.o
                0x000007e4                send_udp_prepare
 .text.send_udp_transmit
                0x0000088e       0x48 ip_arp_udp_tcp.o
                0x0000088e                send_udp_transmit
 .text.send_udp
                0x000008d6       0x6a ip_arp_udp_tcp.o
                0x000008d6                send_udp
 .text.main     0x00000940       0xd8 main.o
                0x00000940                main
                0x00000a18                . = ALIGN (0x2)
 *(.fini9)
 .fini9         0x00000a18        0x0 c:/program files (x86)/atmel/studio/7.0/toolchain/avr8/avr8-gnu-toolchain/bin/../lib/gcc/avr/5.4.0/avr5\libgcc.a(_exit.o)
                0x00000a18                _exit
                0x00000a18                exit
 *(.fini9)
 *(.fini8)
 *(.fini8)
 *(.fini7)
 *(.fini7)
 *(.fini6)
 *(.fini6)
 *(.fini5)
 *(.fini5)
 *(.fini4)
 *(.fini4)
 *(.fini3)
 *(.fini3)
 *(.fini2)
 *(.fini2)
 *(.fini1)
 *(.fini1)
 *(.fini0)
 .fini0         0x00000a18        0x4 c:/program files (x86)/atmel/studio/7.0/toolchain/avr8/avr8-gnu-toolchain/bin/../lib/gcc/avr/5.4.0/avr5\libgcc.a(_exit.o)
 *(.fini0)
                0x00000a1c                _etext = .

.data           0x00800100       0x28 load address 0x00000a1c
                0x00800100                PROVIDE (__data_start, .)
 *(.data)
 *(.data*)
 .data.wwwport_l
                0x00800100        0x1 ip_arp_udp_tcp.o
 .data.data     0x00800101       0x12 main.o
 .data.remote_host
                0x00800113        0x4 main.o
 .data.local_host
                0x00800117        0x4 main.o
 .data.mac_address
                0x0080011b        0x6 main.o
 *(.gnu.linkonce.d*)
 *(.rodata)
 *(.rodata*)
 .rodata.dest_mac_address
                0x00800121        0x6 ip_arp_udp_tcp.o
 *(.gnu.linkonce.r*)
                0x00800128                . = ALIGN (0x2)
 *fill*         0x00800127        0x1 
                0x00800128                _edata = .
                0x00800128                PROVIDE (__data_end, .)

.bss            0x00800128      0x2a3
                0x00800128                PROVIDE (__bss_start, .)
 *(.bss)
 *(.bss*)
 .bss.gNextPacketPtr
                0x00800128        0x2 enc28j60.o
 .bss.Enc28j60Bank
                0x0080012a        0x1 enc28j60.o
 .bss.ipaddr    0x0080012b        0x4 ip_arp_udp_tcp.o
 .bss.macaddr   0x0080012f        0x6 ip_arp_udp_tcp.o
 .bss.wwwport_h
                0x00800135        0x1 ip_arp_udp_tcp.o
 .bss.nPingCount
                0x00800136        0x2 main.o
 .bss.buf2      0x00800138        0x8 main.o
 .bss.buf       0x00800140      0x28b main.o
 *(COMMON)
                0x008003cb                PROVIDE (__bss_end, .)
                0x00000a1c                __data_load_start = LOADADDR (.data)
                0x00000a44                __data_load_end = (__data_load_start + SIZEOF (.data))

.noinit         0x008003cb        0x0
                [!provide]                PROVIDE (__noinit_start, .)
 *(.noinit*)
                [!provide]                PROVIDE (__noinit_end, .)
                0x008003cb                _end = .
                [!provide]                PROVIDE (__heap_start, .)

.eeprom         0x00810000        0x0
 *(.eeprom*)
                0x00810000                __eeprom_end = .

.fuse
 *(.fuse)
 *(.lfuse)
 *(.hfuse)
 *(.efuse)

.lock
 *(.lock*)

.signature
 *(.signature*)

.user_signatures
 *(.user_signatures*)

.stab
 *(.stab)

.stabstr
 *(.stabstr)

.stab.excl
 *(.stab.excl)

.stab.exclstr
 *(.stab.exclstr)

.stab.index
 *(.stab.index)

.stab.indexstr
 *(.stab.indexstr)

.comment        0x00000000       0x30
 *(.comment)
 .comment       0x00000000       0x30 enc28j60.o
                                 0x31 (size before relaxing)
 .comment       0x00000030       0x31 ip_arp_udp_tcp.o
 .comment       0x00000030       0x31 main.o

.note.gnu.avr.deviceinfo
                0x00000000       0x40
 .note.gnu.avr.deviceinfo
                0x00000000       0x40 C:/Program Files (x86)/Atmel/Studio/7.0/Packs/Atmel/ATmega_DFP/1.3.300/gcc/dev/atmega168pb/avr5/crtatmega168pb.o

.note.gnu.build-id
 *(.note.gnu.build-id)

.debug
 *(.debug)

.line
 *(.line)

.debug_srcinfo
 *(.debug_srcinfo)

.debug_sfnames
 *(.debug_sfnames)

.debug_aranges  0x00000000      0x1e8
 *(.debug_aranges)
 .debug_aranges
                0x00000000       0x98 enc28j60.o
 .debug_aranges
                0x00000098      0x130 ip_arp_udp_tcp.o
 .debug_aranges
                0x000001c8       0x20 main.o

.debug_pubnames
 *(.debug_pubnames)

.debug_info     0x00000000     0x2af6
 *(.debug_info .gnu.linkonce.wi.*)
 .debug_info    0x00000000      0x6f0 C:/Program Files (x86)/Atmel/Studio/7.0/Packs/Atmel/ATmega_DFP/1.3.300/gcc/dev/atmega168pb/avr5/crtatmega168pb.o
 .debug_info    0x000006f0      0xc22 enc28j60.o
 .debug_info    0x00001312     0x12c4 ip_arp_udp_tcp.o
 .debug_info    0x000025d6      0x520 main.o

.debug_abbrev   0x00000000      0xce4
 *(.debug_abbrev)
 .debug_abbrev  0x00000000      0x690 C:/Program Files (x86)/Atmel/Studio/7.0/Packs/Atmel/ATmega_DFP/1.3.300/gcc/dev/atmega168pb/avr5/crtatmega168pb.o
 .debug_abbrev  0x00000690      0x1e3 enc28j60.o
 .debug_abbrev  0x00000873      0x2c8 ip_arp_udp_tcp.o
 .debug_abbrev  0x00000b3b      0x1a9 main.o

.debug_line     0x00000000     0x13ce
 *(.debug_line .debug_line.* .debug_line_end)
 .debug_line    0x00000000      0x139 C:/Program Files (x86)/Atmel/Studio/7.0/Packs/Atmel/ATmega_DFP/1.3.300/gcc/dev/atmega168pb/avr5/crtatmega168pb.o
 .debug_line    0x00000139      0x5ca enc28j60.o
 .debug_line    0x00000703      0xb01 ip_arp_udp_tcp.o
 .debug_line    0x00001204      0x1ca main.o

.debug_frame    0x00000000      0x5b0
 *(.debug_frame)
 .debug_frame   0x00000000      0x198 enc28j60.o
 .debug_frame   0x00000198      0x3f4 ip_arp_udp_tcp.o
 .debug_frame   0x0000058c       0x24 main.o

.debug_str      0x00000000      0x9ae
 *(.debug_str)
 .debug_str     0x00000000      0x264 C:/Program Files (x86)/Atmel/Studio/7.0/Packs/Atmel/ATmega_DFP/1.3.300/gcc/dev/atmega168pb/avr5/crtatmega168pb.o
 .debug_str     0x00000264      0x29d enc28j60.o
                                0x2ee (size before relaxing)
 .debug_str     0x00000501      0x408 ip_arp_udp_tcp.o
                                0x58f (size before relaxing)
 .debug_str     0x00000909       0xa5 main.o
                                0x31e (size before relaxing)

.debug_loc      0x00000000     0x23fd
 *(.debug_loc)
 .debug_loc     0x00000000      0x737 enc28j60.o
 .debug_loc     0x00000737     0x1c0a ip_arp_udp_tcp.o
 .debug_loc     0x00002341       0xbc main.o

.debug_macinfo
 *(.debug_macinfo)

.debug_weaknames
 *(.debug_weaknames)

.debug_funcnames
 *(.debug_funcnames)

.debug_typenames
 *(.debug_typenames)

.debug_varnames
 *(.debug_varnames)

.debug_pubtypes
 *(.debug_pubtypes)

.debug_ranges   0x00000000      0x1e8
 *(.debug_ranges)
 .debug_ranges  0x00000000       0xa0 enc28j60.o
 .debug_ranges  0x000000a0      0x138 ip_arp_udp_tcp.o
 .debug_ranges  0x000001d8       0x10 main.o

.debug_macro
 *(.debug_macro)
OUTPUT(deneme4.elf elf32-avr)
LOAD linker stubs
